
Memory Configuration

Name             Origin             Length             Attributes
FLASH            0x08000000         0x00010000         xr
RAM              0x20000000         0x00002000         xrw
*default*        0x00000000         0xffffffff

Linker script and memory map


.text           0x08000000      0x664
 *(.vectors)
 .vectors       0x08000000       0xc0 ./Output/startup_ARMCM0.o
                0x08000000                __Vectors
                0x080000c0                __Vectors_End = .
                0x000000c0                __Vectors_Size = (__Vectors_End - __Vectors)
                0x080000c0                __end__ = .
 *(.text*)
 .text          0x080000c0      0x550 ./Output/main.o
                0x080000c0                Reserved_IRQHandler
                0x080000c6                NMI_Handler
                0x080000cc                HardFault_Handler
                0x080000d2                SVC_Handler
                0x080000d8                PendSV_Handler
                0x080000de                SysTick_Handler
                0x080000e4                EXTI0_0_IRQHandler
                0x08000134                USART1_IRQHandler
                0x0800013e                SystemInit
                0x080002b4                EnabledClock
                0x080002f0                InitGpio
                0x08000398                InitInterrupt
                0x08000458                UsartInit
                0x080004e4                GpioHigh
                0x0800050c                GpioLow
                0x08000538                UsartSendByte
                0x0800055e                UsartSendString
                0x0800059a                main
 .text          0x08000610        0x4 ./Output/startup_ARMCM0.o
                0x08000610                Reset_Handler
 .text          0x08000614       0x3c ./Output/delay.o
                0x08000614                Delay
 *(.init)
 *(.fini)
 *(.rodata*)
 .rodata        0x08000650       0x14 ./Output/main.o
 *(.eh_frame*)

.glue_7         0x08000664        0x0
 .glue_7        0x08000664        0x0 linker stubs

.glue_7t        0x08000664        0x0
 .glue_7t       0x08000664        0x0 linker stubs

.vfp11_veneer   0x08000664        0x0
 .vfp11_veneer  0x08000664        0x0 linker stubs

.v4_bx          0x08000664        0x0
 .v4_bx         0x08000664        0x0 linker stubs

.iplt           0x08000664        0x0
 .iplt          0x08000664        0x0 ./Output/main.o

.rel.dyn        0x08000664        0x0
 .rel.iplt      0x08000664        0x0 ./Output/main.o

.data           0x20000000        0x0
                0x20000000                __data_start__ = .
 *(vtable)
 *(.data*)
 .data          0x20000000        0x0 ./Output/main.o
 .data          0x20000000        0x0 ./Output/startup_ARMCM0.o
 .data          0x20000000        0x0 ./Output/delay.o
                0x20000000                __data_end__ = .

.igot.plt       0x20000000        0x0
 .igot.plt      0x20000000        0x0 ./Output/main.o

.bss            0x20000000        0x8
                0x20000000                . = ALIGN (0x4)
                0x20000000                __bss_start__ = .
 *(.bss*)
 .bss           0x20000000        0x5 ./Output/main.o
                0x20000000                ledStatus
                0x20000004                rxData
 .bss           0x20000005        0x0 ./Output/startup_ARMCM0.o
 .bss           0x20000005        0x0 ./Output/delay.o
 *(COMMON)
                0x20000008                . = ALIGN (0x4)
 *fill*         0x20000005        0x3 
                0x20000008                __bss_end__ = .

.heap           0x20000008      0x200
                0x20000008                __HeapBase = .
                0x20000008                __end__ = .
                0x20000008                end = __end__
 *(.heap*)
 .heap          0x20000008      0x200 ./Output/startup_ARMCM0.o
                0x20000208                __HeapLimit = .

.stack_dummy    0x20000008      0x100
 *(.stack*)
 .stack         0x20000008      0x100 ./Output/startup_ARMCM0.o
                0x20002000                __StackTop = (ORIGIN (RAM) + LENGTH (RAM))
                0x20001f00                __StackLimit = (__StackTop - SIZEOF (.stack_dummy))
                [!provide]                PROVIDE (__stack = __StackTop)
                0x00000001                ASSERT ((__StackLimit >= __HeapLimit), region RAM overflowed with stack)
LOAD ./Output/main.o
LOAD ./Output/startup_ARMCM0.o
LOAD ./Output/delay.o
OUTPUT(./Output/stm32f0_discovery_sort.elf elf32-littlearm)

.debug_info     0x00000000      0x31c
 .debug_info    0x00000000      0x2b3 ./Output/main.o
 .debug_info    0x000002b3       0x69 ./Output/delay.o

.debug_abbrev   0x00000000      0x1ac
 .debug_abbrev  0x00000000      0x155 ./Output/main.o
 .debug_abbrev  0x00000155       0x57 ./Output/delay.o

.debug_aranges  0x00000000       0x40
 .debug_aranges
                0x00000000       0x20 ./Output/main.o
 .debug_aranges
                0x00000020       0x20 ./Output/delay.o

.debug_line     0x00000000      0x1a0
 .debug_line    0x00000000      0x13f ./Output/main.o
 .debug_line    0x0000013f       0x61 ./Output/delay.o

.debug_str      0x00000000      0x265
 .debug_str     0x00000000      0x246 ./Output/main.o
                                0x258 (size before relaxing)
 .debug_str     0x00000246       0x1f ./Output/delay.o
                                 0xd1 (size before relaxing)

.comment        0x00000000       0x7f
 .comment       0x00000000       0x7f ./Output/main.o
                                 0x80 (size before relaxing)
 .comment       0x0000007f       0x80 ./Output/delay.o

.ARM.attributes
                0x00000000       0x2f
 .ARM.attributes
                0x00000000       0x31 ./Output/main.o
 .ARM.attributes
                0x00000031       0x1b ./Output/startup_ARMCM0.o
 .ARM.attributes
                0x0000004c       0x31 ./Output/delay.o

.debug_frame    0x00000000      0x250
 .debug_frame   0x00000000      0x220 ./Output/main.o
 .debug_frame   0x00000220       0x30 ./Output/delay.o
