
Memory Configuration

Name             Origin             Length             Attributes
FLASH            0x08000000         0x00010000         xr
RAM              0x20000000         0x00002000         xrw
*default*        0x00000000         0xffffffff

Linker script and memory map


.text           0x08000000      0x2d8
 *(.vectors)
 .vectors       0x08000000       0xc0 ./Output/startup_ARMCM0.o
                0x08000000                __Vectors
                0x080000c0                __Vectors_End = .
                0x000000c0                __Vectors_Size = (__Vectors_End - __Vectors)
                0x080000c0                __end__ = .
 *(.text*)
 .text          0x080000c0      0x214 ./Output/main.o
                0x080000c0                Reserved_IRQHandler
                0x080000c6                NMI_Handler
                0x080000cc                HardFault_Handler
                0x080000d2                SVC_Handler
                0x080000d8                PendSV_Handler
                0x080000de                SysTick_Handler
                0x080000e4                EXTI0_0_IRQHandler
                0x08000134                enabledClock
                0x08000160                initGpio
                0x080001ac                initInterrupt
                0x08000214                gpioHigh
                0x0800023c                gpioLow
                0x08000268                delay
                0x080002a4                main
 .text          0x080002d4        0x4 ./Output/startup_ARMCM0.o
                0x080002d4                Reset_Handler
 *(.init)
 *(.fini)
 *(.rodata*)
 *(.eh_frame*)

.glue_7         0x080002d8        0x0
 .glue_7        0x080002d8        0x0 linker stubs

.glue_7t        0x080002d8        0x0
 .glue_7t       0x080002d8        0x0 linker stubs

.vfp11_veneer   0x080002d8        0x0
 .vfp11_veneer  0x080002d8        0x0 linker stubs

.v4_bx          0x080002d8        0x0
 .v4_bx         0x080002d8        0x0 linker stubs

.iplt           0x080002d8        0x0
 .iplt          0x080002d8        0x0 ./Output/main.o

.rel.dyn        0x080002d8        0x0
 .rel.iplt      0x080002d8        0x0 ./Output/main.o

.data           0x20000000        0x0
                0x20000000                __data_start__ = .
 *(vtable)
 *(.data*)
 .data          0x20000000        0x0 ./Output/main.o
 .data          0x20000000        0x0 ./Output/startup_ARMCM0.o
                0x20000000                __data_end__ = .

.igot.plt       0x20000000        0x0
 .igot.plt      0x20000000        0x0 ./Output/main.o

.bss            0x20000000        0x4
                0x20000000                . = ALIGN (0x4)
                0x20000000                __bss_start__ = .
 *(.bss*)
 .bss           0x20000000        0x4 ./Output/main.o
                0x20000000                ledStatus
 .bss           0x20000004        0x0 ./Output/startup_ARMCM0.o
 *(COMMON)
                0x20000004                . = ALIGN (0x4)
                0x20000004                __bss_end__ = .

.heap           0x20000008      0x200
                0x20000008                __HeapBase = .
                0x20000008                __end__ = .
                0x20000008                end = __end__
 *(.heap*)
 .heap          0x20000008      0x200 ./Output/startup_ARMCM0.o
                0x20000208                __HeapLimit = .

.stack_dummy    0x20000008      0x100
 *(.stack*)
 .stack         0x20000008      0x100 ./Output/startup_ARMCM0.o
                0x20002000                __StackTop = (ORIGIN (RAM) + LENGTH (RAM))
                0x20001f00                __StackLimit = (__StackTop - SIZEOF (.stack_dummy))
                [!provide]                PROVIDE (__stack, __StackTop)
                0x00000001                ASSERT ((__StackLimit >= __HeapLimit), region RAM overflowed with stack)
LOAD ./Output/main.o
LOAD ./Output/startup_ARMCM0.o
OUTPUT(./Output/stm32f0_discovery_sort.elf elf32-littlearm)

.debug_info     0x00000000      0x197
 .debug_info    0x00000000      0x197 ./Output/main.o

.debug_abbrev   0x00000000       0xd7
 .debug_abbrev  0x00000000       0xd7 ./Output/main.o

.debug_aranges  0x00000000       0x20
 .debug_aranges
                0x00000000       0x20 ./Output/main.o

.debug_line     0x00000000       0xbd
 .debug_line    0x00000000       0xbd ./Output/main.o

.debug_str      0x00000000      0x193
 .debug_str     0x00000000      0x193 ./Output/main.o

.comment        0x00000000       0x7e
 .comment       0x00000000       0x7e ./Output/main.o
                                 0x7f (size before relaxing)

.ARM.attributes
                0x00000000       0x2f
 .ARM.attributes
                0x00000000       0x31 ./Output/main.o
 .ARM.attributes
                0x00000031       0x1b ./Output/startup_ARMCM0.o

.debug_frame    0x00000000      0x1a8
 .debug_frame   0x00000000      0x1a8 ./Output/main.o
